\BOOKMARK [0][-]{chapter.1}{\376\377\000W\000s\000t\001\031\000p}{}% 1
\BOOKMARK [1][-]{section.1.1}{\376\377\000W\000p\000r\000o\000w\000a\000d\000z\000e\000n\000i\000e\000\040\000d\000o\000\040\000p\000r\000o\000b\000l\000e\000m\000a\000t\000y\000k\000i\000\040\000s\000y\000s\000t\000e\000m\000\363\000w\000\040\000a\000n\000t\000y\000d\000r\000o\000n\000o\000w\000y\000c\000h}{chapter.1}% 2
\BOOKMARK [1][-]{section.1.2}{\376\377\000I\000d\000e\000n\000t\000y\000f\000i\000k\000a\000c\000j\000a\000\040\000p\000r\000o\000b\000l\000e\000m\000\363\000w\000\040\000b\000a\000d\000a\000w\000c\000z\000y\000c\000h}{chapter.1}% 3
\BOOKMARK [1][-]{section.1.3}{\376\377\000C\000e\000l\000\040\000i\000\040\000z\000a\000k\000r\000e\000s\000\040\000p\000r\000a\000c\000y}{chapter.1}% 4
\BOOKMARK [1][-]{section.1.4}{\376\377\000U\000k\001\102\000a\000d\000\040\000p\000r\000a\000c\000y}{chapter.1}% 5
\BOOKMARK [0][-]{chapter.2}{\376\377\000A\000n\000a\000l\000i\000z\000a\000\040\000t\000e\000m\000a\000t\000u}{}% 6
\BOOKMARK [1][-]{section.2.1}{\376\377\000S\000p\000e\000c\000y\000f\000i\000k\000a\000\040\000p\000r\000o\000c\000e\000s\000u\000\040\000n\000e\000u\000t\000r\000a\000l\000i\000z\000a\000c\000j\000i\000\040\000k\000i\000n\000e\000t\000y\000c\000z\000n\000e\000j\000\040\000i\000\040\000e\000n\000e\000r\000g\000e\000t\000y\000c\000z\000n\000e\000j}{chapter.2}% 7
\BOOKMARK [1][-]{section.2.2}{\376\377\000P\000r\000z\000e\000g\000l\001\005\000d\000\040\000d\000o\000s\000t\001\031\000p\000n\000y\000c\000h\000\040\000r\000o\000z\000w\000i\001\005\000z\000a\001\104\000\040\000i\000\040\000i\000c\000h\000\040\000o\000g\000r\000a\000n\000i\000c\000z\000e\000n\000i\000a}{chapter.2}% 8
\BOOKMARK [1][-]{section.2.3}{\376\377\000Z\000i\000d\000e\000n\000t\000y\000f\000i\000k\000o\000w\000a\000n\000e\000\040\000b\000a\000r\000i\000e\000r\000y\000\040\000t\000e\000c\000h\000n\000o\000l\000o\000g\000i\000c\000z\000n\000e}{chapter.2}% 9
\BOOKMARK [1][-]{section.2.4}{\376\377\000A\000n\000a\000l\000i\000z\000a\000\040\000l\000i\000t\000e\000r\000a\000t\000u\000r\000y}{chapter.2}% 10
\BOOKMARK [2][-]{subsection.2.4.1}{\376\377\000M\000e\000t\000o\000d\000y\000\040\001\133\000l\000e\000d\000z\000e\000n\000i\000a\000\040\000o\000b\000i\000e\000k\000t\000\363\000w}{section.2.4}% 11
\BOOKMARK [2][-]{subsection.2.4.2}{\376\377\000H\000y\000b\000r\000y\000d\000o\000w\000a\000\040\000d\000e\000t\000e\000k\000c\000j\000a\000\040\000o\000b\000i\000e\000k\000t\000\363\000w\000\040\000w\000\040\000s\000y\000s\000t\000e\000m\000a\000c\000h\000\040\000o\000\040\000s\000t\000a\000t\000y\000c\000z\000n\000y\000m\000\040\000t\000l\000e}{section.2.4}% 12
\BOOKMARK [2][-]{subsection.2.4.3}{\376\377\000W\001\102\000a\001\133\000c\000i\000w\000o\001\133\000c\000i\000\040\000k\000a\000m\000e\000r\000\040\000o\000\040\000m\000a\000t\000r\000y\000c\000y\000\040\000z\000\040\000j\000e\000d\000n\000o\000c\000z\000e\000s\000n\001\005\000\040\000e\000k\000s\000p\000o\000z\000y\000c\000j\001\005\000\040\000w\000\040\000s\000y\000s\000t\000e\000m\000a\000c\000h\000\040\000p\000e\000r\000c\000e\000p\000c\000j\000i\000\040\000r\000o\000b\000o\000t\000\363\000w}{section.2.4}% 13
\BOOKMARK [2][-]{subsection.2.4.4}{\376\377\000C\000e\000c\000h\000y\000\040\000f\000i\000z\000y\000c\000z\000n\000e\000\040\000d\000r\000o\000n\000\363\000w}{section.2.4}% 14
\BOOKMARK [2][-]{subsection.2.4.5}{\376\377\000L\000a\000s\000e\000r\000y\000\040\000n\000i\000s\000k\000o\000m\000o\000c\000o\000w\000e}{section.2.4}% 15
\BOOKMARK [2][-]{subsection.2.4.6}{\376\377\000D\000o\000b\000\363\000r\000\040\000g\000e\000o\000m\000e\000t\000r\000i\000i\000\040\000u\000z\001\031\000b\000i\000e\000n\000i\000a\000\040\000i\000\040\000s\000t\000r\000u\000k\000t\000u\000r\000y\000\040\000k\000i\000n\000e\000m\000a\000t\000y\000c\000z\000n\000e\000j\000\040\000n\000a\000p\001\031\000d\000u}{section.2.4}% 16
\BOOKMARK [1][-]{section.2.5}{\376\377\000S\000y\000n\000t\000e\000z\000a\000\040\000a\000n\000a\000l\000i\000z\000y\000\040\000i\000\040\000k\000o\000n\000c\000e\000p\000c\000j\000a\000\040\000a\000u\000t\000o\000r\000s\000k\000a}{chapter.2}% 17
\BOOKMARK [0][-]{chapter.3}{\376\377\000K\000o\000n\000c\000e\000p\000c\000j\000a\000\040\000i\000\040\000p\000r\000o\000j\000e\000k\000t\000\040\000d\000e\000m\000o\000n\000s\000t\000r\000a\000t\000o\000r\000a\000\040\000s\000y\000s\000t\000e\000m\000u\000\040\000n\000a\000d\001\005\001\174\000n\000e\000g\000o}{}% 18
\BOOKMARK [1][-]{section.3.1}{\376\377\000P\000r\000o\000j\000e\000k\000t\000\040\000m\000e\000c\000h\000a\000n\000i\000c\000z\000n\000y\000\040\000p\000l\000a\000t\000f\000o\000r\000m\000y\000\040\000n\000a\000d\001\005\001\174\000n\000e\000j}{chapter.3}% 19
\BOOKMARK [2][-]{subsection.3.1.1}{\376\377\000Z\000a\001\102\000o\001\174\000e\000n\000i\000a\000\040\000p\000r\000o\000j\000e\000k\000t\000o\000w\000e\000\040\000i\000\040\000k\000o\000n\000c\000e\000p\000c\000j\000a\000\040\000k\000i\000n\000e\000m\000a\000t\000y\000c\000z\000n\000a}{section.3.1}% 20
\BOOKMARK [2][-]{subsection.3.1.2}{\376\377\000M\000o\000d\000e\000l\000o\000w\000a\000n\000i\000e\000\040\000p\000r\000z\000e\000s\000t\000r\000z\000e\000n\000n\000e\000\040\000i\000\040\000r\000o\000z\000k\001\102\000a\000d\000\040\000m\000a\000s}{section.3.1}% 21
\BOOKMARK [2][-]{subsection.3.1.3}{\376\377\000A\000n\000a\000l\000i\000z\000a\000\040\000u\000k\001\102\000a\000d\000u\000\040\000n\000a\000p\001\031\000d\000o\000w\000e\000g\000o\000\040\000i\000\040\000p\000r\000z\000e\000k\001\102\000a\000d\000n\000i\000\040\000z\001\031\000b\000a\000t\000e\000j}{section.3.1}% 22
\BOOKMARK [1][-]{section.3.2}{\376\377\000A\000r\000c\000h\000i\000t\000e\000k\000t\000u\000r\000a\000\040\000s\000p\000r\000z\001\031\000t\000o\000w\000a\000\040\000i\000\040\000i\000n\000t\000e\000g\000r\000a\000c\000j\000a\000\040\000e\000l\000e\000k\000t\000r\000o\000n\000i\000c\000z\000n\000a}{chapter.3}% 23
\BOOKMARK [2][-]{subsection.3.2.1}{\376\377\000D\000o\000b\000\363\000r\000\040\000g\001\102\000\363\000w\000n\000y\000c\000h\000\040\000k\000o\000m\000p\000o\000n\000e\000n\000t\000\363\000w\000\040\000s\000y\000s\000t\000e\000m\000u}{section.3.2}% 24
\BOOKMARK [2][-]{subsection.3.2.2}{\376\377\000T\000o\000p\000o\000l\000o\000g\000i\000a\000\040\000z\000a\000s\000i\000l\000a\000n\000i\000a\000\040\000i\000\040\000s\000e\000p\000a\000r\000a\000c\000j\000a\000\040\000o\000b\000w\000o\000d\000\363\000w}{section.3.2}% 25
\BOOKMARK [2][-]{subsection.3.2.3}{\376\377\000J\000e\000d\000n\000o\000s\000t\000k\000a\000\040\000n\000a\000d\000r\000z\001\031\000d\000n\000a\000,\000\040\000i\000n\000t\000e\000r\000f\000e\000j\000s\000y\000\040\000i\000\040\000k\000o\000m\000u\000n\000i\000k\000a\000c\000j\000a}{section.3.2}% 26
\BOOKMARK [2][-]{subsection.3.2.4}{\376\377\000U\000k\001\102\000a\000d\000\040\000w\000y\000k\000o\000n\000a\000w\000c\000z\000y\000\040\000n\000a\000p\001\031\000d\000\363\000w\000\040\000i\000\040\000m\000a\000g\000i\000s\000t\000r\000a\000l\000a\000\040\000S\000P\000I}{section.3.2}% 27
\BOOKMARK [2][-]{subsection.3.2.5}{\376\377\000U\000k\001\102\000a\000d\000\040\000k\000l\000u\000c\000z\000u\000j\001\005\000c\000y\000\040\000e\000f\000e\000k\000t\000o\000r\000a\000\040\000\050\000L\000a\000s\000e\000r\000\051}{section.3.2}% 28
\BOOKMARK [0][-]{chapter.4}{\376\377\000A\000r\000c\000h\000i\000t\000e\000k\000t\000u\000r\000a\000\040\000o\000p\000r\000o\000g\000r\000a\000m\000o\000w\000a\000n\000i\000a\000\040\000i\000\040\000s\000y\000m\000u\000l\000a\000c\000j\000a\000\040\000s\000y\000s\000t\000e\000m\000u}{}% 29
\BOOKMARK [1][-]{section.4.1}{\376\377\001\132\000r\000o\000d\000o\000w\000i\000s\000k\000o\000\040\000u\000r\000u\000c\000h\000o\000m\000i\000e\000n\000i\000o\000w\000e}{chapter.4}% 30
\BOOKMARK [1][-]{section.4.2}{\376\377\000I\000m\000p\000l\000e\000m\000e\000n\000t\000a\000c\000j\000a\000\040\000w\000\040\000s\000y\000s\000t\000e\000m\000i\000e\000\040\000R\000O\000S\0002}{chapter.4}% 31
\BOOKMARK [2][-]{subsection.4.2.1}{\376\377\000A\000r\000c\000h\000i\000t\000e\000k\000t\000u\000r\000a\000\040\000o\000p\000r\000o\000g\000r\000a\000m\000o\000w\000a\000n\000i\000a}{section.4.2}% 32
\BOOKMARK [1][-]{section.4.3}{\376\377\000M\000o\000d\000e\000l\000\040\000s\000y\000m\000u\000l\000a\000c\000y\000j\000n\000y\000\040\000w\000\040\000G\000a\000z\000e\000b\000o}{chapter.4}% 33
\BOOKMARK [2][-]{subsection.4.3.1}{\376\377\000D\000e\000f\000i\000n\000i\000c\000j\000a\000\040\000k\000i\000n\000e\000m\000a\000t\000y\000k\000i\000\040\000-\000\040\000U\000R\000D\000F\000\040\000i\000\040\000m\000o\000d\000e\000l\000e\000\040\000S\000T\000L}{section.4.3}% 34
\BOOKMARK [2][-]{subsection.4.3.2}{\376\377\000W\000i\000r\000t\000u\000a\000l\000n\000a\000\040\000s\000e\000n\000s\000o\000r\000y\000k\000a\000\040\000i\000\040\000s\000i\000l\000n\000i\000k\000\040\000f\000i\000z\000y\000k\000i}{section.4.3}% 35
\BOOKMARK [2][-]{subsection.4.3.3}{\376\377\000W\000i\000z\000u\000a\000l\000i\000z\000a\000c\000j\000a\000\040\000w\000\040\001\133\000r\000o\000d\000o\000w\000i\000s\000k\000u\000\040\000F\000o\000x\000g\000l\000o\000v\000e}{section.4.3}% 36
\BOOKMARK [2][-]{subsection.4.3.4}{\376\377\000A\000l\000g\000o\000r\000y\000t\000m\000\040\000s\000a\000m\000o\000u\000c\000z\000e\000n\000i\000a\000\040\000i\000\040\000o\000p\000t\000y\000m\000a\000l\000i\000z\000a\000c\000j\000i\000\040\000n\000a\000s\000t\000a\000w\000\040\000\050\000A\000u\000t\000o\000-\000t\000u\000n\000i\000n\000g\000\051}{section.4.3}% 37
\BOOKMARK [0][-]{chapter.5}{\376\377\000A\000l\000g\000o\000r\000y\000t\000m\000y\000\040\000w\000i\000z\000y\000j\000n\000e\000\040\000i\000\040\000u\000k\001\102\000a\000d\000y\000\040\000s\000t\000e\000r\000o\000w\000a\000n\000i\000a}{}% 38
\BOOKMARK [1][-]{section.5.1}{\376\377\000I\000m\000p\000l\000e\000m\000e\000n\000t\000a\000c\000j\000a\000\040\000a\000l\000g\000o\000r\000y\000t\000m\000\363\000w\000\040\000d\000e\000t\000e\000k\000c\000j\000i\000\040\000i\000\040\001\133\000l\000e\000d\000z\000e\000n\000i\000a}{chapter.5}% 39
\BOOKMARK [2][-]{subsection.5.1.1}{\376\377\000W\001\031\000z\000e\001\102\000\040\000a\000k\000w\000i\000z\000y\000c\000y\000j\000n\000o\000-\000o\000b\000l\000i\000c\000z\000e\000n\000i\000o\000w\000y}{section.5.1}% 40
\BOOKMARK [2][-]{subsection.5.1.2}{\376\377\000N\000a\000d\000r\000z\001\031\000d\000n\000a\000\040\000s\000t\000a\000c\000j\000a\000\040\000o\000p\000e\000r\000a\000t\000o\000r\000s\000k\000a\000\040\000i\000\040\000i\000n\000t\000e\000r\000f\000e\000j\000s\000\040\000G\000U\000I}{section.5.1}% 41
\BOOKMARK [1][-]{section.5.2}{\376\377\000I\000m\000p\000l\000e\000m\000e\000n\000t\000a\000c\000j\000a\000\040\000k\000o\000m\000u\000n\000i\000k\000a\000c\000j\000i}{chapter.5}% 42
\BOOKMARK [1][-]{section.5.3}{\376\377\000I\000m\000p\000l\000e\000m\000e\000n\000t\000a\000c\000j\000a\000\040\000a\000l\000g\000o\000r\000y\000t\000m\000\363\000w\000\040\000s\000t\000e\000r\000o\000w\000a\000n\000i\000a\000\040\000s\000i\000l\000n\000i\000k\000a\000m\000i}{chapter.5}% 43
\BOOKMARK [2][-]{subsection.5.3.1}{\376\377\000S\000y\000n\000t\000e\000z\000a\000\040\000r\000e\000g\000u\000l\000a\000t\000o\000r\000a\000\040\000P\000I\000D}{section.5.3}% 44
\BOOKMARK [2][-]{subsection.5.3.2}{\376\377\000S\000y\000n\000t\000e\000z\000a\000\040\000r\000e\000g\000u\000l\000a\000t\000o\000r\000a\000\040\000t\000r\000\363\000j\000p\000o\001\102\000o\001\174\000e\000n\000i\000o\000w\000e\000g\000o}{section.5.3}% 45
\BOOKMARK [0][-]{chapter.6}{\376\377\000B\000a\000d\000a\000n\000i\000a}{}% 46
\BOOKMARK [1][-]{section.6.1}{\376\377\000M\000e\000t\000o\000d\000y\000k\000a\000\040\000b\000a\000d\000a\001\104\000\040\000i\000\040\000s\000c\000e\000n\000a\000r\000i\000u\000s\000z\000e\000\040\000t\000e\000s\000t\000o\000w\000e}{chapter.6}% 47
\BOOKMARK [1][-]{section.6.2}{\376\377\000A\000n\000a\000l\000i\000z\000a\000\040\000d\000z\000i\000a\001\102\000a\000n\000i\000a\000\040\000r\000e\000g\000u\000l\000a\000t\000o\000r\000a\000\040\000P\000I\000D}{chapter.6}% 48
\BOOKMARK [2][-]{subsection.6.2.1}{\376\377\000O\000d\000p\000o\000w\000i\000e\000d\001\172\000\040\000u\000k\001\102\000a\000d\000u\000\040\000n\000a\000\040\000s\000k\000o\000k\000o\000w\001\005\000\040\000z\000m\000i\000a\000n\001\031\000\040\000p\000o\001\102\000o\001\174\000e\000n\000i\000a\000\040\000c\000e\000l\000u\000\040\000\050\000R\000u\000c\000h\000\040\000b\000o\000c\000z\000n\000y\000\051}{section.6.2}% 49
\BOOKMARK [2][-]{subsection.6.2.2}{\376\377\001\132\000l\000e\000d\000z\000e\000n\000i\000e\000\040\000o\000b\000i\000e\000k\000t\000u\000\040\000p\000o\000r\000u\000s\000z\000a\000j\001\005\000c\000e\000g\000o\000\040\000s\000i\001\031\000\040\000p\000o\000\040\000t\000r\000a\000j\000e\000k\000t\000o\000r\000i\000i\000\040\000o\000k\000r\001\031\001\174\000n\000e\000j}{section.6.2}% 50
\BOOKMARK [2][-]{subsection.6.2.3}{\376\377\000T\000e\000s\000t\000\040\000p\001\102\000y\000n\000n\000e\000j\000\040\000z\000m\000i\000a\000n\000y\000\040\000d\000y\000s\000t\000a\000n\000s\000u\000\040\000i\000\040\000w\000e\000r\000y\000f\000i\000k\000a\000c\000j\000a\000\040\000a\000l\000g\000o\000r\000y\000t\000m\000u\000\040\000G\000a\000i\000n\000\040\000S\000c\000h\000e\000d\000u\000l\000i\000n\000g}{section.6.2}% 51
\BOOKMARK [1][-]{section.6.3}{\376\377\000A\000n\000a\000l\000i\000z\000a\000\040\000d\000z\000i\000a\001\102\000a\000n\000i\000a\000\040\000r\000e\000g\000u\000l\000a\000t\000o\000r\000a\000\040\000t\000r\000\363\000j\000p\000o\001\102\000o\001\174\000e\000n\000i\000o\000w\000e\000g\000o}{chapter.6}% 52
\BOOKMARK [2][-]{subsection.6.3.1}{\376\377\000O\000d\000p\000o\000w\000i\000e\000d\001\172\000\040\000u\000k\001\102\000a\000d\000u\000\040\000n\000a\000\040\000s\000k\000o\000k\000o\000w\001\005\000\040\000z\000m\000i\000a\000n\001\031\000\040\000p\000o\001\102\000o\001\174\000e\000n\000i\000a\000\040\000c\000e\000l\000u\000\040\000\050\000R\000u\000c\000h\000\040\000b\000o\000c\000z\000n\000y\000\051}{section.6.3}% 53
\BOOKMARK [2][-]{subsection.6.3.2}{\376\377\001\132\000l\000e\000d\000z\000e\000n\000i\000e\000\040\000o\000b\000i\000e\000k\000t\000u\000\040\000p\000o\000r\000u\000s\000z\000a\000j\001\005\000c\000e\000g\000o\000\040\000s\000i\001\031\000\040\000p\000o\000\040\000t\000r\000a\000j\000e\000k\000t\000o\000r\000i\000i\000\040\000o\000k\000r\001\031\001\174\000n\000e\000j}{section.6.3}% 54
\BOOKMARK [2][-]{subsection.6.3.3}{\376\377\000T\000e\000s\000t\000\040\000p\001\102\000y\000n\000n\000e\000j\000\040\000z\000m\000i\000a\000n\000y\000\040\000d\000y\000s\000t\000a\000n\000s\000u\000\040\000i\000\040\000w\000e\000r\000y\000f\000i\000k\000a\000c\000j\000a\000\040\000a\000l\000g\000o\000r\000y\000t\000m\000u\000\040\000a\000d\000a\000p\000t\000a\000c\000y\000j\000n\000e\000g\000o}{section.6.3}% 55
\BOOKMARK [1][-]{section.6.4}{\376\377\000P\000o\000r\000\363\000w\000n\000a\000n\000i\000e\000\040\000s\000k\000u\000t\000e\000c\000z\000n\000o\001\133\000c\000i\000\040\000b\000a\000d\000a\000n\000y\000c\000h\000\040\000a\000l\000g\000o\000r\000y\000t\000m\000\363\000w}{chapter.6}% 56
\BOOKMARK [2][-]{subsection.6.4.1}{\376\377\000Z\000e\000s\000t\000a\000w\000i\000e\000n\000i\000e\000\040\000w\000s\000k\000a\001\172\000n\000i\000k\000\363\000w\000\040\000j\000a\000k\000o\001\133\000c\000i\000\040\000s\000t\000e\000r\000o\000w\000a\000n\000i\000a}{section.6.4}% 57
\BOOKMARK [2][-]{subsection.6.4.2}{\376\377\000P\000o\000r\000\363\000w\000n\000a\000n\000i\000e\000\040\000d\000y\000n\000a\000m\000i\000k\000i\000\040\000w\000\040\000d\000z\000i\000e\000d\000z\000i\000n\000i\000e\000\040\000c\000z\000a\000s\000u}{section.6.4}% 58
\BOOKMARK [2][-]{subsection.6.4.3}{\376\377\000K\000r\000z\000e\000p\000k\000o\001\133\001\007\000\040\000u\000k\001\102\000a\000d\000\363\000w\000\040\000i\000\040\000o\000d\000p\000o\000r\000n\000o\001\133\001\007\000\040\000n\000a\000\040\000r\000o\000z\000s\000t\000r\000o\000j\000e\000n\000i\000e}{section.6.4}% 59
\BOOKMARK [0][-]{chapter.7}{\376\377\000P\000o\000d\000s\000u\000m\000o\000w\000a\000n\000i\000e}{}% 60
\BOOKMARK [1][-]{section.7.1}{\376\377\000R\000o\000z\000w\000i\001\005\000z\000a\000n\000i\000e\000\040\000p\000r\000o\000b\000l\000e\000m\000u\000\040\000b\000a\000d\000a\000w\000c\000z\000e\000g\000o}{chapter.7}% 61
\BOOKMARK [1][-]{section.7.2}{\376\377\000O\000c\000e\000n\000a\000\040\000o\000s\000i\001\005\000g\000n\000i\001\031\000t\000y\000c\000h\000\040\000w\000y\000n\000i\000k\000\363\000w}{chapter.7}% 62
\BOOKMARK [1][-]{section.7.3}{\376\377\000W\000n\000i\000o\000s\000k\000i\000\040\000i\000\040\000r\000e\000k\000o\000m\000e\000n\000d\000a\000c\000j\000e}{chapter.7}% 63
\BOOKMARK [1][-]{section.7.4}{\376\377\000P\000e\000r\000s\000p\000e\000k\000t\000y\000w\000y\000\040\000r\000o\000z\000w\000o\000j\000u\000\040\000i\000\040\000d\000a\000l\000s\000z\000y\000c\000h\000\040\000b\000a\000d\000a\001\104}{chapter.7}% 64
\BOOKMARK [0][-]{section*.54}{\376\377\000B\000i\000b\000l\000i\000o\000g\000r\000a\000f\000i\000a}{}% 65
\BOOKMARK [0][-]{appendix*.56}{\376\377\000D\000o\000k\000u\000m\000e\000n\000t\000a\000c\000j\000a\000\040\000t\000e\000c\000h\000n\000i\000c\000z\000n\000a}{}% 66
\BOOKMARK [0][-]{appendix*.57}{\376\377\000S\000p\000i\000s\000\040\000s\000k\000r\000\363\000t\000\363\000w\000\040\000i\000\040\000s\000y\000m\000b\000o\000l\000i}{}% 67
\BOOKMARK [0][-]{appendix*.58}{\376\377\000L\000i\000s\000t\000a\000\040\000d\000o\000d\000a\000t\000k\000o\000w\000y\000c\000h\000\040\000p\000l\000i\000k\000\363\000w\000,\000\040\000u\000z\000u\000p\000e\001\102\000n\000i\000a\000j\001\005\000c\000y\000c\000h\000\040\000t\000e\000k\000s\000t\000\040\000p\000r\000a\000c\000y\000\040\000\050\000j\000e\001\174\000e\000l\000i\000\040\000d\000o\000t\000y\000c\000z\000y\000\051}{}% 68
\BOOKMARK [0][-]{appendix*.59}{\376\377\000S\000p\000i\000s\000\040\000r\000y\000s\000u\000n\000k\000\363\000w}{}% 69
\BOOKMARK [0][-]{appendix*.60}{\376\377\000S\000p\000i\000s\000\040\000t\000a\000b\000e\000l}{}% 70
